// Jest Snapshot v1, https://goo.gl/fbAQLP

exports[`Calculator Renders 1`] = `
<div
  className="full-calculator"
>
  <h2>
    Lets do some Mathematics
  </h2>
  <div
    className="container"
  >
    <div
      className="screen"
    >
      0
    </div>
    <div
      className="calculator"
    >
      <div
        className="calculator"
      >
        <div
          className="table"
        >
          <button
            onClick={[Function]}
            type="button"
          >
            AC
          </button>
          <button
            onClick={[Function]}
            type="button"
          >
            +/-
          </button>
          <button
            onClick={[Function]}
            type="button"
          >
            %
          </button>
          <button
            className="orange-tag"
            onClick={[Function]}
            type="button"
          >
            รท
          </button>
          <button
            onClick={[Function]}
            type="button"
          >
            7
          </button>
          <button
            onClick={[Function]}
            type="button"
          >
            8
          </button>
          <button
            onClick={[Function]}
            type="button"
          >
            9
          </button>
          <button
            className="orange-tag"
            onClick={[Function]}
            type="button"
          >
            x
          </button>
          <button
            onClick={[Function]}
            type="button"
          >
            4
          </button>
          <button
            onClick={[Function]}
            type="button"
          >
            5
          </button>
          <button
            onClick={[Function]}
            type="button"
          >
            6
          </button>
          <button
            className="orange-tag"
            onClick={[Function]}
            type="button"
          >
            -
          </button>
          <button
            onClick={[Function]}
            type="button"
          >
            1
          </button>
          <button
            onClick={[Function]}
            type="button"
          >
            2
          </button>
          <button
            onClick={[Function]}
            type="button"
          >
            3
          </button>
          <button
            className="orange-tag"
            onClick={[Function]}
            type="button"
          >
            +
          </button>
          <button
            className="zero"
            onClick={[Function]}
            type="button"
          >
            0
          </button>
          <button
            onClick={[Function]}
            type="button"
          >
            .
          </button>
          <button
            className="orange-tag"
            onClick={[Function]}
            type="button"
          >
            =
          </button>
        </div>
      </div>
    </div>
  </div>
</div>
`;

exports[`Quote Renders 1`] = `
<h1
  className="notification"
>
  It is loading
</h1>
`;
